2026-09-17 18:28:54 INFO package Writing run 20260917-182854-bacda5 into /home/sdegroeve/pvf_tasks/demo/explorations/raritan_release/20260917-182854-bacda5.incomplete
2026-09-17 18:28:54 STEP io Loading PVF | /home/sdegroeve/pvf_tasks/demo/PVF.xlsx
2026-09-17 18:28:54 SUCCESS io PVF loaded — 70 batches × 221 parameters
2026-09-17 18:28:54 STEP io Loading PTF | /home/sdegroeve/pvf_tasks/demo/PTF.xlsx
2026-09-17 18:28:54 SUCCESS io PTF loaded — 204 parameters | numeric: 162  |  categorical: 26  |  datetime: 11  |  duration: 3  |  ratio: 1  |  [None, Low, Medium, High]: 1
2026-09-17 18:28:54 STEP dataset Selecting the cohort for 'raritan_release'
2026-09-17 18:28:54 INFO dataset manufactured at Raritan: 30 of 70 batches left
2026-09-17 18:28:54 INFO dataset manufacturing and testing finished: 27 of 30 batches left
2026-09-17 18:28:54 SUCCESS dataset Cohort: 27 of 70 batches
2026-09-17 18:28:54 INFO dataset Target 'Disposition': 'Released' → 1 (15 batches), 'Discarded' → 0 (12)
2026-09-17 18:28:54 STEP dataset Choosing the predictors
2026-09-17 18:28:54 SUCCESS dataset 195 predictors from 199 PVF parameters (4 excluded, 5 not in the PVF)
2026-09-17 18:28:54 STEP dataset Encoding categorical parameters
2026-09-17 18:28:54 INFO encode day 3 clump pattern: 'Many small' → 1, 'Few small' → 0
2026-09-17 18:28:54 INFO encode Day 10 Clump Present Bag 1: 'Yes' → 1, 'No' → 0
2026-09-17 18:28:54 INFO encode Day 10 Clump Present Bag 2: 'Yes' → 1, 'No' → 0
2026-09-17 18:28:54 INFO encode Day 10 Clump Present Bag 3: 'Yes' → 1, 'No' → 0
2026-09-17 18:28:54 INFO encode Country: 'United States of America' → 1, 'Israel' → 0
2026-09-17 18:28:54 INFO encode Pre-Activation Clumps: Y/N?: 'Y' → 1, 'N' → 0
2026-09-17 18:28:54 INFO encode LV CoA Site/Format: 'Raritan/500mL' → 1, 'Ghent/250mL' → 0
2026-09-17 18:28:54 INFO encode Shift Team → shift_team_target_enc
2026-09-17 18:28:54 INFO encode Incubator ID: 9 categories → 16 buckets
2026-09-17 18:28:54 STEP dataset Handling numeric parameters
2026-09-17 18:28:54 INFO encode D3 % cells seeded / target duplicates Avg_cells_per_bag_D3 (R²=1.0000 over 27 batches) — dropped
2026-09-17 18:28:54 INFO encode Day 3 Actual Viable Cells Seeded G-Rex A duplicates Avg_cells_per_bag_D3 (R²=1.0000 over 27 batches) — dropped
2026-09-17 18:28:55 INFO encode Day 3 Number of G-Rex to seed duplicates # of Culture Bags (R²=1.0000 over 27 batches) — dropped
2026-09-17 18:28:55 INFO encode Dose (CAR+ viable cells/kg) duplicates Avg_cells_per_bag_D3 (R²=1.0000 over 27 batches) — dropped
2026-09-17 18:28:55 INFO encode Dose (CAR+ viable cells/kg) all weights duplicates Avg_cells_per_bag_D3 (R²=1.0000 over 27 batches) — dropped
2026-09-17 18:28:55 INFO encode Dose: Number of CAR+ Viable T-Cells (cells) duplicates Avg_cells_per_bag_D3 (R²=1.0000 over 27 batches) — dropped
2026-09-17 18:28:55 INFO encode Glucose_perE6_AUC_D6_D10 duplicates D6 Glucose / E6 cells (R²=0.9975 over 27 batches) — dropped
2026-09-17 18:28:55 INFO encode Harvest Lactate Normalized duplicates D10 Lact / E6 cells (R²=1.0000 over 27 batches) — dropped
2026-09-17 18:28:55 INFO encode LV CoA E1a cDNA duplicates LV CoA CAR% - Donor 1 (R²=1.0000 over 27 batches) — dropped
2026-09-17 18:28:55 INFO encode LV CoA E1b cDNA duplicates LV CoA DNA size (R²=1.0000 over 27 batches) — dropped
2026-09-17 18:28:55 INFO encode LV CoA IFNg - Donor 1 duplicates LV CoA CAR% - Donor 1 (R²=0.9980 over 27 batches) — dropped
2026-09-17 18:28:55 INFO encode LV CoA IFNg - Donor 2 duplicates LV CoA HCP (R²=0.9993 over 27 batches) — dropped
2026-09-17 18:28:55 INFO encode LV CoA LV Titer duplicates LV CoA CAR% - Donor 2 (R²=1.0000 over 27 batches) — dropped
2026-09-17 18:28:55 INFO encode LV CoA Osmolality duplicates LV CoA CAR% - Donor 1 (R²=1.0000 over 27 batches) — dropped
2026-09-17 18:28:56 INFO encode LV CoA PI Ratio duplicates LV CoA DNA size (R²=1.0000 over 27 batches) — dropped
2026-09-17 18:28:56 INFO encode LV CoA Volume duplicates LV CoA DNA size (R²=1.0000 over 27 batches) — dropped
2026-09-17 18:28:56 INFO encode LV CoA cDNA duplicates LV CoA Physical Titer p24 ELISA (R²=1.0000 over 27 batches) — dropped
2026-09-17 18:28:56 INFO encode LV CoA pDNA duplicates LV CoA HCP (R²=0.9999 over 27 batches) — dropped
2026-09-17 18:28:56 INFO encode Post Thaw Viable Cell Count after sampling(cells) duplicates Avg_cells_per_bag_D3 (R²=1.0000 over 27 batches) — dropped
2026-09-17 18:28:57 INFO encode Seeded_cells_cv_AB duplicates # of Culture Bags (R²=1.0000 over 27 batches) — dropped
2026-09-17 18:28:57 INFO encode Seeded_cells_max_AB duplicates Avg_cells_per_bag_D3 (R²=1.0000 over 27 batches) — dropped
2026-09-17 18:28:57 INFO encode Seeded_cells_mean_AB duplicates Avg_cells_per_bag_D3 (R²=0.9972 over 27 batches) — dropped
2026-09-17 18:28:57 INFO encode Total Viable Cells for Expansion after VSVg Sampling (cells) duplicates Day 3 Total Viable Cells Available for Seeding G-Rex (cells) (R²=1.0000 over 27 batches) — dropped
2026-09-17 18:28:57 INFO encode Vector_volume_std_AB_mL duplicates Vector_volume_cv_AB_mL (R²=0.9969 over 27 batches) — dropped
2026-09-17 18:28:57 INFO encode Viability change during expansion duplicates D3-D10 viability change (%) (R²=1.0000 over 27 batches) — dropped
2026-09-17 18:28:57 INFO encode Viability_drop_D3_vs_D0_pct duplicates Drop viability D3 vs D0 (%) (R²=0.9990 over 27 batches) — dropped
2026-09-17 18:28:57 INFO encode Volume of Cells Used for Formulation (mL) duplicates Volume CS5 Used for Formulation (mL) (R²=1.0000 over 27 batches) — dropped
2026-09-17 18:28:58 INFO encode log_MOI_eff_pool duplicates MOI_eff_pool (R²=0.9951 over 27 batches) — dropped
2026-09-17 18:28:58 INFO encode total viable cells used for formulation duplicates Harvest Post Wash Viable Cell Count (cells) (R²=1.0000 over 27 batches) — dropped
2026-09-17 18:28:58 INFO encode Day 3 Actual Viable Cells Seeded G-Rex B duplicates Avg_cells_per_bag_D3 (R²=1.0000 over 18 batches) — dropped
2026-09-17 18:28:58 INFO encode log_MOI_eff_G-Rex_B duplicates MOI_eff_G-Rex_B (R²=0.9929 over 18 batches) — dropped
2026-09-17 18:28:58 STEP decorrelate Looking for groups of parameters that move together
2026-09-17 18:28:58 INFO decorrelate 4 parameters cannot take part in clustering | Incubation D0-D1 (min) (constant), Incubation D1-D3 (constant), Incubation_total_D3_to_D10_min (constant), D3_clumps_flag (constant)
2026-09-17 18:29:04 INFO decorrelate 5 parameter pairs share fewer than 8 batches — their relationship is unknown and they were not merged
2026-09-17 18:29:04 INFO decorrelate Harvest Pre-Wash Viable Cell Count after Sampling (cells): residualised on 1 parameters, adjusted R² 0.969
2026-09-17 18:29:04 INFO decorrelate total viable cells in formulated suspension: residualised on 2 parameters, adjusted R² 0.966
2026-09-17 18:29:04 INFO decorrelate Seeded_cells_min_AB: residualised on 3 parameters, adjusted R² 0.835
2026-09-17 18:29:04 INFO decorrelate Avg_cells_per_bag_D3: residualised on 4 parameters, adjusted R² 0.988
2026-09-17 18:29:04 INFO decorrelate Glucose_perE6_slope_D6_D10: residualised on 5 parameters, adjusted R² 0.868
2026-09-17 18:29:04 INFO decorrelate Cluster 01: 6 parameters, represented by 'Harvest Post Wash Viable Cell Count (cells)' (linear)
2026-09-17 18:29:04 INFO decorrelate Day 6 Lactate G-Rex A (g/L): residualised on 1 parameters, adjusted R² 0.948
2026-09-17 18:29:04 INFO decorrelate Day 8 Glucose G-Rex A (g/L): residualised on 2 parameters, adjusted R² 0.849
2026-09-17 18:29:04 INFO decorrelate Day 6 Glucose G-Rex A (g/L): residualised on 3 parameters, adjusted R² 0.891
2026-09-17 18:29:04 INFO decorrelate Day 8 Glucose G-Rex B (g/L): residualised on 4 parameters, adjusted R² 0.846
2026-09-17 18:29:04 INFO decorrelate Cluster 02: 5 parameters, represented by 'Lactate_to_Glucose_perE6_ratio_D6' (linear)
2026-09-17 18:29:04 INFO decorrelate LV CoA CAR% - Donor 2: residualised on 1 parameters, adjusted R² 0.906
2026-09-17 18:29:04 INFO decorrelate LV CoA DNA size: residualised on 2 parameters, adjusted R² 0.961
2026-09-17 18:29:04 INFO decorrelate # of Culture Bags: residualised on 3 parameters, adjusted R² 0.879
2026-09-17 18:29:04 INFO decorrelate Cluster 03: 4 parameters, represented by 'LV CoA Physical Titer p24 ELISA' (linear)
2026-09-17 18:29:04 INFO decorrelate FP Flow CAR+ (%): residualised on 1 parameters, adjusted R² 0.959
2026-09-17 18:29:04 INFO decorrelate Harvest Pre-Wash Flow CAR+ Expression (%): residualised on 2 parameters, adjusted R² 0.954
2026-09-17 18:29:04 INFO decorrelate Provirus Vector Copy Number (copies/transduced cell): residualised on 3 parameters, adjusted R² 0.990
2026-09-17 18:29:04 INFO decorrelate Cluster 04: 4 parameters, represented by 'VCN/cell' (linear)
2026-09-17 18:29:04 INFO decorrelate D10 Lact / E6 cells: residualised on 1 parameters, adjusted R² 0.969
2026-09-17 18:29:04 INFO decorrelate D6 Lact / E6 cells: residualised on 2 parameters, adjusted R² 1.000
2026-09-17 18:29:04 INFO decorrelate Cluster 05: 3 parameters, represented by 'Lactate_perE6_AUC_D6_D10' (linear)
2026-09-17 18:29:04 INFO decorrelate D8 Glucose / E6 cells: residualised on 1 parameters, adjusted R² 0.986
2026-09-17 18:29:04 INFO decorrelate Volume CS5 Used for Formulation (mL): residualised on 2 parameters, adjusted R² 0.847
2026-09-17 18:29:04 INFO decorrelate Cluster 06: 3 parameters, represented by 'D6 Glucose / E6 cells' (linear)
2026-09-17 18:29:04 INFO decorrelate MOI_eff_quality_adjusted: residualised on 1 parameters, adjusted R² 0.980
2026-09-17 18:29:04 INFO decorrelate MOI_eff_G-Rex_B: residualised on 2 parameters, adjusted R² 0.920
2026-09-17 18:29:04 INFO decorrelate Cluster 07: 3 parameters, represented by 'MOI_eff_pool' (linear)
2026-09-17 18:29:04 INFO decorrelate Post Thaw FLOW CD4+ (%): residualised on 1 parameters, adjusted R² 0.848
2026-09-17 18:29:04 INFO decorrelate PT Total CD4+ (Viable Cells): residualised on 2 parameters, adjusted R² 0.813
2026-09-17 18:29:04 INFO decorrelate Cluster 08: 3 parameters, represented by 'PT CD3+CD4+ (%)' (linear)
2026-09-17 18:29:04 INFO decorrelate number of viable cells lost during formulation: residualised on 1 parameters, adjusted R² 0.986
2026-09-17 18:29:04 INFO decorrelate Cluster 09: 2 parameters, represented by '% cells lost during formulation' (linear)
2026-09-17 18:29:04 INFO decorrelate Post-Mixing Clumps: # of Clumps: residualised on 1 parameters, adjusted R² 0.831
2026-09-17 18:29:04 INFO decorrelate Cluster 10: 2 parameters, represented by 'Clump_burden_weighted_post_mixing' (linear)
2026-09-17 18:29:04 INFO decorrelate Post-Massaging: # of Clumps: residualised on 1 parameters, adjusted R² 0.459
2026-09-17 18:29:04 INFO decorrelate Cluster 11: 2 parameters, represented by 'Clump_count_reduction_fraction' (linear)
2026-09-17 18:29:04 INFO decorrelate Viability_change_D3_to_D10_pct: residualised on 1 parameters, adjusted R² 0.546
2026-09-17 18:29:04 INFO decorrelate Cluster 12: 2 parameters, represented by 'D10 harvest - D10 wash viability change (%)' (linear)
2026-09-17 18:29:04 INFO decorrelate D3_contact_time_within_window: residualised on 1 parameters, adjusted R² 0.779
2026-09-17 18:29:04 INFO decorrelate Cluster 13: 2 parameters, represented by 'D3_contact_time_deviation' (linear)
2026-09-17 18:29:04 INFO decorrelate D3_contact_time_within_window_G-Rex_A: residualised on 1 parameters, adjusted R² 0.738
2026-09-17 18:29:04 INFO decorrelate Cluster 14: 2 parameters, represented by 'D3_contact_time_deviation_G-Rex_A' (linear)
2026-09-17 18:29:04 INFO decorrelate D3_contact_time_within_window_G-Rex_B: residualised on 1 parameters, adjusted R² 0.783
2026-09-17 18:29:04 INFO decorrelate Cluster 15: 2 parameters, represented by 'D3_contact_time_deviation_G-Rex_B' (linear)
2026-09-17 18:29:04 INFO decorrelate D3_seeding_within_5pct: residualised on 1 parameters, adjusted R² 0.573
2026-09-17 18:29:04 INFO decorrelate Cluster 16: 2 parameters, represented by 'D3_seeding_error_pct' (linear)
2026-09-17 18:29:04 INFO decorrelate Drop viability D3 vs D0 (%): residualised on 1 parameters, adjusted R² 0.741
2026-09-17 18:29:04 INFO decorrelate Cluster 17: 2 parameters, represented by 'Day 3 Average of Pooled Viability (%)' (linear)
2026-09-17 18:29:04 INFO decorrelate Seeded_cells_std_AB: residualised on 1 parameters, adjusted R² 0.923
2026-09-17 18:29:04 INFO decorrelate Cluster 18: 2 parameters, represented by 'Day 3 Total Viable Cells Available for Seeding G-Rex (cells)' (linear)
2026-09-17 18:29:04 INFO decorrelate IL2_IU_total_D6: residualised on 1 parameters, adjusted R² 0.781
2026-09-17 18:29:04 INFO decorrelate Cluster 19: 2 parameters, represented by 'Day 6 Activity of IL-2 (IU/mg)' (linear)
2026-09-17 18:29:04 INFO decorrelate Day 6 Lactate G-Rex B (g/L): residualised on 1 parameters, adjusted R² 0.723
2026-09-17 18:29:04 INFO decorrelate Cluster 20: 2 parameters, represented by 'Day 6 Glucose G-Rex B (g/L)' (linear)
2026-09-17 18:29:04 INFO decorrelate IL2_IU_total_D8: residualised on 1 parameters, adjusted R² 0.679
2026-09-17 18:29:04 INFO decorrelate Cluster 21: 2 parameters, represented by 'Day 8 Activity of IL-2 (IU/mg)' (linear)
2026-09-17 18:29:04 INFO decorrelate Harvest Lactate (g/L): residualised on 1 parameters, adjusted R² 0.646
2026-09-17 18:29:04 INFO decorrelate Cluster 22: 2 parameters, represented by 'Day 8 Lactate G-Rex A (g/L)' (linear)
2026-09-17 18:29:04 INFO decorrelate Harvest Post Wash Viable Cell Concentration Average (cells/mL): residualised on 1 parameters, adjusted R² 0.875
2026-09-17 18:29:04 INFO decorrelate Cluster 23: 2 parameters, represented by 'Final Formulation CS5 Viable Cell Concentration Average (cells/mL)' (linear)
2026-09-17 18:29:04 INFO decorrelate Number of Prior Lines of Therapy: residualised on 1 parameters, adjusted R² 0.697
2026-09-17 18:29:04 INFO decorrelate Cluster 24: 2 parameters, represented by 'Incubation D3-D6 (min)' (linear)
2026-09-17 18:29:04 INFO decorrelate LV CoA pH: residualised on 1 parameters, adjusted R² 0.963
2026-09-17 18:29:05 INFO decorrelate Cluster 25: 2 parameters, represented by 'LV CoA CAR% - Donor 1' (linear)
2026-09-17 18:29:05 INFO decorrelate LVCoA_Impurity_Index_zsum: residualised on 1 parameters, adjusted R² 0.939
2026-09-17 18:29:05 INFO decorrelate Cluster 26: 2 parameters, represented by 'LV CoA HCP' (linear)
2026-09-17 18:29:05 INFO decorrelate log_MOI_eff_G-Rex_A: residualised on 1 parameters, adjusted R² 0.984
2026-09-17 18:29:05 INFO decorrelate Cluster 27: 2 parameters, represented by 'MOI_eff_G-Rex_A' (linear)
2026-09-17 18:29:05 INFO decorrelate Post Wash POS FLOW CD4+ (%): residualised on 1 parameters, adjusted R² 0.960
2026-09-17 18:29:05 INFO decorrelate Cluster 28: 2 parameters, represented by 'PE CD3+CD4+ (%)' (linear)
2026-09-17 18:29:05 INFO decorrelate Post Wash POS FLOW CD8+ (%): residualised on 1 parameters, adjusted R² 0.954
2026-09-17 18:29:05 INFO decorrelate Cluster 29: 2 parameters, represented by 'PE CD3+CD8+ (%)' (linear)
2026-09-17 18:29:05 INFO decorrelate Vector_volume_min_AB_mL: residualised on 1 parameters, adjusted R² 0.800
2026-09-17 18:29:05 INFO decorrelate Cluster 30: 2 parameters, represented by 'Vector_volume_mean_AB_mL' (linear)
2026-09-17 18:29:05 SUCCESS decorrelate 30 clusters covering 75 parameters (linear)
2026-09-17 18:29:05 SUCCESS dataset Task 'raritan_release': 27 batches × 183 columns, predicting 'disposition_is_released'